2025-11-01T00:24:28.0453210Z Current runner version: '2.329.0'
2025-11-01T00:24:28.0467890Z ##[group]Runner Image Provisioner
2025-11-01T00:24:28.0468380Z Hosted Compute Agent
2025-11-01T00:24:28.0468710Z Version: 20251016.436
2025-11-01T00:24:28.0469080Z Commit: 8ab8ac8bfd662a3739dab9fe09456aba92132568
2025-11-01T00:24:28.0469520Z Build Date: 2025-10-15T20:44:12Z
2025-11-01T00:24:28.0469920Z ##[endgroup]
2025-11-01T00:24:28.0470240Z ##[group]Operating System
2025-11-01T00:24:28.0470580Z macOS
2025-11-01T00:24:28.0470880Z 14.8.1
2025-11-01T00:24:28.0471160Z 23J30
2025-11-01T00:24:28.0471430Z ##[endgroup]
2025-11-01T00:24:28.0471730Z ##[group]Runner Image
2025-11-01T00:24:28.0472050Z Image: macos-14-arm64
2025-11-01T00:24:28.0472360Z Version: 20251020.0056
2025-11-01T00:24:28.0473040Z Included Software: https://github.com/actions/runner-images/blob/macos-14-arm64/20251020.0056/images/macos/macos-14-arm64-Readme.md
2025-11-01T00:24:28.0474080Z Image Release: https://github.com/actions/runner-images/releases/tag/macos-14-arm64%2F20251020.0056
2025-11-01T00:24:28.0474680Z ##[endgroup]
2025-11-01T00:24:28.0475310Z ##[group]GITHUB_TOKEN Permissions
2025-11-01T00:24:28.0476430Z Contents: write
2025-11-01T00:24:28.0476740Z Metadata: read
2025-11-01T00:24:28.0477040Z ##[endgroup]
2025-11-01T00:24:28.0478390Z Secret source: Actions
2025-11-01T00:24:28.0478780Z Prepare workflow directory
2025-11-01T00:24:28.0700020Z Prepare all required actions
2025-11-01T00:24:28.0726640Z Getting action download info
2025-11-01T00:24:28.5190180Z Download action repository 'actions/checkout@v4' (SHA:08eba0b27e820071cde6df949e0beb9ba4906955)
2025-11-01T00:24:28.9807330Z Complete job name: Validate Version
2025-11-01T00:24:29.0279340Z ##[group]Run actions/checkout@v4
2025-11-01T00:24:29.0280470Z with:
2025-11-01T00:24:29.0280770Z   fetch-depth: 0
2025-11-01T00:24:29.0281060Z   fetch-tags: true
2025-11-01T00:24:29.0281390Z   repository: fontlaborg/fontlift-mac-cli
2025-11-01T00:24:29.0282060Z   token: ***
2025-11-01T00:24:29.0282340Z   ssh-strict: true
2025-11-01T00:24:29.0282670Z   ssh-user: git
2025-11-01T00:24:29.0282970Z   persist-credentials: true
2025-11-01T00:24:29.0283290Z   clean: true
2025-11-01T00:24:29.0283580Z   sparse-checkout-cone-mode: true
2025-11-01T00:24:29.0283930Z   show-progress: true
2025-11-01T00:24:29.0284230Z   lfs: false
2025-11-01T00:24:29.0284510Z   submodules: false
2025-11-01T00:24:29.0284810Z   set-safe-directory: true
2025-11-01T00:24:29.0285390Z ##[endgroup]
2025-11-01T00:24:29.4163520Z Syncing repository: fontlaborg/fontlift-mac-cli
2025-11-01T00:24:29.4165680Z ##[group]Getting Git version info
2025-11-01T00:24:29.4166400Z Working directory is '/Users/runner/work/fontlift-mac-cli/fontlift-mac-cli'
2025-11-01T00:24:29.4167180Z [command]/opt/homebrew/bin/git version
2025-11-01T00:24:29.5061950Z git version 2.50.1
2025-11-01T00:24:29.5093990Z ##[endgroup]
2025-11-01T00:24:29.5105340Z Copying '/Users/runner/.gitconfig' to '/Users/runner/work/_temp/247c2f86-a2ba-4e8c-8311-b8f5ff130c73/.gitconfig'
2025-11-01T00:24:29.5112060Z Temporarily overriding HOME='/Users/runner/work/_temp/247c2f86-a2ba-4e8c-8311-b8f5ff130c73' before making global git config changes
2025-11-01T00:24:29.5113030Z Adding repository directory to the temporary git global config as a safe directory
2025-11-01T00:24:29.5116760Z [command]/opt/homebrew/bin/git config --global --add safe.directory /Users/runner/work/fontlift-mac-cli/fontlift-mac-cli
2025-11-01T00:24:29.5209160Z Deleting the contents of '/Users/runner/work/fontlift-mac-cli/fontlift-mac-cli'
2025-11-01T00:24:29.5216430Z ##[group]Initializing the repository
2025-11-01T00:24:29.5225450Z [command]/opt/homebrew/bin/git init /Users/runner/work/fontlift-mac-cli/fontlift-mac-cli
2025-11-01T00:24:29.5417520Z hint: Using 'master' as the name for the initial branch. This default branch name
2025-11-01T00:24:29.5418610Z hint: is subject to change. To configure the initial branch name to use in all
2025-11-01T00:24:29.5419540Z hint: of your new repositories, which will suppress this warning, call:
2025-11-01T00:24:29.5420330Z hint:
2025-11-01T00:24:29.5421390Z hint: 	git config --global init.defaultBranch <name>
2025-11-01T00:24:29.5421780Z hint:
2025-11-01T00:24:29.5422190Z hint: Names commonly chosen instead of 'master' are 'main', 'trunk' and
2025-11-01T00:24:29.5422830Z hint: 'development'. The just-created branch can be renamed via this command:
2025-11-01T00:24:29.5423340Z hint:
2025-11-01T00:24:29.5423640Z hint: 	git branch -m <name>
2025-11-01T00:24:29.5423960Z hint:
2025-11-01T00:24:29.5424390Z hint: Disable this message with "git config set advice.defaultBranchName false"
2025-11-01T00:24:29.5425450Z Initialized empty Git repository in /Users/runner/work/fontlift-mac-cli/fontlift-mac-cli/.git/
2025-11-01T00:24:29.5426910Z [command]/opt/homebrew/bin/git remote add origin https://github.com/fontlaborg/fontlift-mac-cli
2025-11-01T00:24:29.5563170Z ##[endgroup]
2025-11-01T00:24:29.5564600Z ##[group]Disabling automatic garbage collection
2025-11-01T00:24:29.5565430Z [command]/opt/homebrew/bin/git config --local gc.auto 0
2025-11-01T00:24:29.5569170Z ##[endgroup]
2025-11-01T00:24:29.5569630Z ##[group]Setting up auth
2025-11-01T00:24:29.5575410Z [command]/opt/homebrew/bin/git config --local --name-only --get-regexp core\.sshCommand
2025-11-01T00:24:29.5626730Z [command]/opt/homebrew/bin/git submodule foreach --recursive sh -c "git config --local --name-only --get-regexp 'core\.sshCommand' && git config --local --unset-all 'core.sshCommand' || :"
2025-11-01T00:24:29.6393720Z [command]/opt/homebrew/bin/git config --local --name-only --get-regexp http\.https\:\/\/github\.com\/\.extraheader
2025-11-01T00:24:29.6443010Z [command]/opt/homebrew/bin/git submodule foreach --recursive sh -c "git config --local --name-only --get-regexp 'http\.https\:\/\/github\.com\/\.extraheader' && git config --local --unset-all 'http.https://github.com/.extraheader' || :"
2025-11-01T00:24:29.7370810Z [command]/opt/homebrew/bin/git config --local http.https://github.com/.extraheader AUTHORIZATION: basic ***
2025-11-01T00:24:29.7434810Z ##[endgroup]
2025-11-01T00:24:29.7435430Z ##[group]Fetching the repository
2025-11-01T00:24:29.7441620Z [command]/opt/homebrew/bin/git -c protocol.version=2 fetch --prune --no-recurse-submodules origin +refs/heads/*:refs/remotes/origin/* +refs/tags/*:refs/tags/*
2025-11-01T00:24:30.3430080Z From https://github.com/fontlaborg/fontlift-mac-cli
2025-11-01T00:24:30.3432140Z  * [new branch]      main       -> origin/main
2025-11-01T00:24:30.3434810Z  * [new tag]         v1.0.0     -> v1.0.0
2025-11-01T00:24:30.3435540Z  * [new tag]         v1.1.0     -> v1.1.0
2025-11-01T00:24:30.3442170Z  * [new tag]         v1.1.1     -> v1.1.1
2025-11-01T00:24:30.3442900Z  * [new tag]         v1.1.2     -> v1.1.2
2025-11-01T00:24:30.3443470Z  * [new tag]         v1.1.3     -> v1.1.3
2025-11-01T00:24:30.3505540Z [command]/opt/homebrew/bin/git tag --list v1.1.3
2025-11-01T00:24:30.3555650Z v1.1.3
2025-11-01T00:24:30.3561290Z [command]/opt/homebrew/bin/git rev-parse refs/tags/v1.1.3
2025-11-01T00:24:30.3602730Z 105b834a5ad117bbbb7cb9c74256cf54a10c2ce6
2025-11-01T00:24:30.3605190Z ##[endgroup]
2025-11-01T00:24:30.3605900Z ##[group]Determining the checkout info
2025-11-01T00:24:30.3606660Z ##[endgroup]
2025-11-01T00:24:30.3608230Z [command]/opt/homebrew/bin/git sparse-checkout disable
2025-11-01T00:24:30.3668660Z [command]/opt/homebrew/bin/git config --local --unset-all extensions.worktreeConfig
2025-11-01T00:24:30.3714060Z ##[group]Checking out the ref
2025-11-01T00:24:30.3716070Z [command]/opt/homebrew/bin/git checkout --progress --force refs/tags/v1.1.3
2025-11-01T00:24:30.3846560Z HEAD is now at 105b834 v1.1.3
2025-11-01T00:24:30.4152270Z ##[endgroup]
2025-11-01T00:24:30.4457990Z [command]/opt/homebrew/bin/git log -1 --format=%H
2025-11-01T00:24:30.4557340Z 105b834a5ad117bbbb7cb9c74256cf54a10c2ce6
2025-11-01T00:24:30.4734970Z ##[group]Run echo "VERSION=${GITHUB_REF#refs/tags/v}" >> $GITHUB_OUTPUT
2025-11-01T00:24:30.4736440Z [36;1mecho "VERSION=${GITHUB_REF#refs/tags/v}" >> $GITHUB_OUTPUT[0m
2025-11-01T00:24:30.4804660Z shell: /bin/bash -e {0}
2025-11-01T00:24:30.4805860Z ##[endgroup]
2025-11-01T00:24:30.5405560Z ##[group]Run ./scripts/validate-version.sh 1.1.3
2025-11-01T00:24:30.5406930Z [36;1m./scripts/validate-version.sh 1.1.3[0m
2025-11-01T00:24:30.5468740Z shell: /bin/bash -e {0}
2025-11-01T00:24:30.5469500Z ##[endgroup]
2025-11-01T00:24:30.5918570Z Tag version:  1.1.3
2025-11-01T00:24:30.5922780Z Code version: 1.1.2
2025-11-01T00:24:30.5926780Z 
2025-11-01T00:24:30.5933960Z [0;31m❌ Version mismatch detected![0m
2025-11-01T00:24:30.5944680Z 
2025-11-01T00:24:30.5955520Z The git tag version (1.1.3) does not match the code version (1.1.2)
2025-11-01T00:24:30.5965020Z 
2025-11-01T00:24:30.5968380Z To fix this:
2025-11-01T00:24:30.5969390Z   1. Update version in Sources/fontlift/fontlift.swift to: 1.1.3
2025-11-01T00:24:30.5970510Z   2. Commit the change
2025-11-01T00:24:30.5971430Z   3. Re-create the tag
2025-11-01T00:24:30.5971810Z 
2025-11-01T00:24:30.5981980Z ##[error]Process completed with exit code 1.
2025-11-01T00:24:30.6236000Z Post job cleanup.
2025-11-01T00:24:30.7328490Z [command]/opt/homebrew/bin/git version
2025-11-01T00:24:30.7430650Z git version 2.50.1
2025-11-01T00:24:30.7572620Z Copying '/Users/runner/.gitconfig' to '/Users/runner/work/_temp/04b310fc-f2e7-4521-ac91-ce41e2308bb0/.gitconfig'
2025-11-01T00:24:30.7586250Z Temporarily overriding HOME='/Users/runner/work/_temp/04b310fc-f2e7-4521-ac91-ce41e2308bb0' before making global git config changes
2025-11-01T00:24:30.7589260Z Adding repository directory to the temporary git global config as a safe directory
2025-11-01T00:24:30.7593640Z [command]/opt/homebrew/bin/git config --global --add safe.directory /Users/runner/work/fontlift-mac-cli/fontlift-mac-cli
2025-11-01T00:24:30.7616710Z [command]/opt/homebrew/bin/git config --local --name-only --get-regexp core\.sshCommand
2025-11-01T00:24:30.7624730Z [command]/opt/homebrew/bin/git submodule foreach --recursive sh -c "git config --local --name-only --get-regexp 'core\.sshCommand' && git config --local --unset-all 'core.sshCommand' || :"
2025-11-01T00:24:30.8379090Z [command]/opt/homebrew/bin/git config --local --name-only --get-regexp http\.https\:\/\/github\.com\/\.extraheader
2025-11-01T00:24:30.8455740Z http.https://github.com/.extraheader
2025-11-01T00:24:30.8506630Z [command]/opt/homebrew/bin/git config --local --unset-all http.https://github.com/.extraheader
2025-11-01T00:24:30.8573270Z [command]/opt/homebrew/bin/git submodule foreach --recursive sh -c "git config --local --name-only --get-regexp 'http\.https\:\/\/github\.com\/\.extraheader' && git config --local --unset-all 'http.https://github.com/.extraheader' || :"
2025-11-01T00:24:30.9785370Z Cleaning up orphan processes
