2025-11-01T00:07:11.6741780Z Current runner version: '2.329.0'
2025-11-01T00:07:11.6757490Z ##[group]Runner Image Provisioner
2025-11-01T00:07:11.6757990Z Hosted Compute Agent
2025-11-01T00:07:11.6758330Z Version: 20251016.436
2025-11-01T00:07:11.6758710Z Commit: 8ab8ac8bfd662a3739dab9fe09456aba92132568
2025-11-01T00:07:11.6759140Z Build Date: 2025-10-15T20:44:12Z
2025-11-01T00:07:11.6759510Z ##[endgroup]
2025-11-01T00:07:11.6759880Z ##[group]Operating System
2025-11-01T00:07:11.6760240Z macOS
2025-11-01T00:07:11.6760530Z 14.8.1
2025-11-01T00:07:11.6760860Z 23J30
2025-11-01T00:07:11.6761150Z ##[endgroup]
2025-11-01T00:07:11.6761440Z ##[group]Runner Image
2025-11-01T00:07:11.6761760Z Image: macos-14-arm64
2025-11-01T00:07:11.6762080Z Version: 20251020.0056
2025-11-01T00:07:11.6762780Z Included Software: https://github.com/actions/runner-images/blob/macos-14-arm64/20251020.0056/images/macos/macos-14-arm64-Readme.md
2025-11-01T00:07:11.6763840Z Image Release: https://github.com/actions/runner-images/releases/tag/macos-14-arm64%2F20251020.0056
2025-11-01T00:07:11.6764470Z ##[endgroup]
2025-11-01T00:07:11.6765110Z ##[group]GITHUB_TOKEN Permissions
2025-11-01T00:07:11.6766420Z Contents: write
2025-11-01T00:07:11.6766720Z Metadata: read
2025-11-01T00:07:11.6767020Z ##[endgroup]
2025-11-01T00:07:11.6768550Z Secret source: Actions
2025-11-01T00:07:11.6768940Z Prepare workflow directory
2025-11-01T00:07:11.6996200Z Prepare all required actions
2025-11-01T00:07:11.7023910Z Getting action download info
2025-11-01T00:07:12.0533420Z Download action repository 'actions/checkout@v4' (SHA:08eba0b27e820071cde6df949e0beb9ba4906955)
2025-11-01T00:07:12.5490170Z Complete job name: Validate Version
2025-11-01T00:07:12.5871920Z ##[group]Run actions/checkout@v4
2025-11-01T00:07:12.5873340Z with:
2025-11-01T00:07:12.5873640Z   repository: fontlaborg/fontlift-mac-cli
2025-11-01T00:07:12.5874140Z   token: ***
2025-11-01T00:07:12.5874390Z   ssh-strict: true
2025-11-01T00:07:12.5874650Z   ssh-user: git
2025-11-01T00:07:12.5874920Z   persist-credentials: true
2025-11-01T00:07:12.5875220Z   clean: true
2025-11-01T00:07:12.5875490Z   sparse-checkout-cone-mode: true
2025-11-01T00:07:12.5875800Z   fetch-depth: 1
2025-11-01T00:07:12.5876060Z   fetch-tags: false
2025-11-01T00:07:12.5876320Z   show-progress: true
2025-11-01T00:07:12.5876590Z   lfs: false
2025-11-01T00:07:12.5876830Z   submodules: false
2025-11-01T00:07:12.5877100Z   set-safe-directory: true
2025-11-01T00:07:12.5877600Z ##[endgroup]
2025-11-01T00:07:12.9160070Z Syncing repository: fontlaborg/fontlift-mac-cli
2025-11-01T00:07:12.9162990Z ##[group]Getting Git version info
2025-11-01T00:07:12.9163980Z Working directory is '/Users/runner/work/fontlift-mac-cli/fontlift-mac-cli'
2025-11-01T00:07:12.9192300Z [command]/opt/homebrew/bin/git version
2025-11-01T00:07:12.9693130Z git version 2.50.1
2025-11-01T00:07:12.9720400Z ##[endgroup]
2025-11-01T00:07:12.9729780Z Copying '/Users/runner/.gitconfig' to '/Users/runner/work/_temp/3bdc3f1b-4116-4d04-8ea5-d3a4a1e8f92c/.gitconfig'
2025-11-01T00:07:12.9740120Z Temporarily overriding HOME='/Users/runner/work/_temp/3bdc3f1b-4116-4d04-8ea5-d3a4a1e8f92c' before making global git config changes
2025-11-01T00:07:12.9741530Z Adding repository directory to the temporary git global config as a safe directory
2025-11-01T00:07:12.9743830Z [command]/opt/homebrew/bin/git config --global --add safe.directory /Users/runner/work/fontlift-mac-cli/fontlift-mac-cli
2025-11-01T00:07:12.9859870Z Deleting the contents of '/Users/runner/work/fontlift-mac-cli/fontlift-mac-cli'
2025-11-01T00:07:12.9867490Z ##[group]Initializing the repository
2025-11-01T00:07:12.9868380Z [command]/opt/homebrew/bin/git init /Users/runner/work/fontlift-mac-cli/fontlift-mac-cli
2025-11-01T00:07:13.0056300Z hint: Using 'master' as the name for the initial branch. This default branch name
2025-11-01T00:07:13.0057830Z hint: is subject to change. To configure the initial branch name to use in all
2025-11-01T00:07:13.0058530Z hint: of your new repositories, which will suppress this warning, call:
2025-11-01T00:07:13.0059130Z hint:
2025-11-01T00:07:13.0060030Z hint: 	git config --global init.defaultBranch <name>
2025-11-01T00:07:13.0060510Z hint:
2025-11-01T00:07:13.0060960Z hint: Names commonly chosen instead of 'master' are 'main', 'trunk' and
2025-11-01T00:07:13.0061900Z hint: 'development'. The just-created branch can be renamed via this command:
2025-11-01T00:07:13.0062530Z hint:
2025-11-01T00:07:13.0062920Z hint: 	git branch -m <name>
2025-11-01T00:07:13.0063400Z hint:
2025-11-01T00:07:13.0063890Z hint: Disable this message with "git config set advice.defaultBranchName false"
2025-11-01T00:07:13.0064640Z Initialized empty Git repository in /Users/runner/work/fontlift-mac-cli/fontlift-mac-cli/.git/
2025-11-01T00:07:13.0072150Z [command]/opt/homebrew/bin/git remote add origin https://github.com/fontlaborg/fontlift-mac-cli
2025-11-01T00:07:13.0129900Z ##[endgroup]
2025-11-01T00:07:13.0130550Z ##[group]Disabling automatic garbage collection
2025-11-01T00:07:13.0131640Z [command]/opt/homebrew/bin/git config --local gc.auto 0
2025-11-01T00:07:13.0249970Z ##[endgroup]
2025-11-01T00:07:13.0250620Z ##[group]Setting up auth
2025-11-01T00:07:13.0251580Z [command]/opt/homebrew/bin/git config --local --name-only --get-regexp core\.sshCommand
2025-11-01T00:07:13.0294230Z [command]/opt/homebrew/bin/git submodule foreach --recursive sh -c "git config --local --name-only --get-regexp 'core\.sshCommand' && git config --local --unset-all 'core.sshCommand' || :"
2025-11-01T00:07:13.1182710Z [command]/opt/homebrew/bin/git config --local --name-only --get-regexp http\.https\:\/\/github\.com\/\.extraheader
2025-11-01T00:07:13.1218840Z [command]/opt/homebrew/bin/git submodule foreach --recursive sh -c "git config --local --name-only --get-regexp 'http\.https\:\/\/github\.com\/\.extraheader' && git config --local --unset-all 'http.https://github.com/.extraheader' || :"
2025-11-01T00:07:13.1892200Z [command]/opt/homebrew/bin/git config --local http.https://github.com/.extraheader AUTHORIZATION: basic ***
2025-11-01T00:07:13.1939550Z ##[endgroup]
2025-11-01T00:07:13.1940240Z ##[group]Fetching the repository
2025-11-01T00:07:13.1945180Z [command]/opt/homebrew/bin/git -c protocol.version=2 fetch --no-tags --prune --no-recurse-submodules --depth=1 origin +adc435e5e1f14391f3efbb925ffdfbc412c321e7:refs/tags/v1.1.2
2025-11-01T00:07:13.9648010Z From https://github.com/fontlaborg/fontlift-mac-cli
2025-11-01T00:07:13.9649070Z  * [new ref]         adc435e5e1f14391f3efbb925ffdfbc412c321e7 -> v1.1.2
2025-11-01T00:07:13.9764170Z ##[endgroup]
2025-11-01T00:07:13.9781250Z ##[group]Determining the checkout info
2025-11-01T00:07:13.9788410Z ##[endgroup]
2025-11-01T00:07:13.9789390Z [command]/opt/homebrew/bin/git sparse-checkout disable
2025-11-01T00:07:13.9791700Z [command]/opt/homebrew/bin/git config --local --unset-all extensions.worktreeConfig
2025-11-01T00:07:13.9808280Z ##[group]Checking out the ref
2025-11-01T00:07:13.9811420Z [command]/opt/homebrew/bin/git checkout --progress --force refs/tags/v1.1.2
2025-11-01T00:07:13.9953510Z HEAD is now at adc435e v1.1.2
2025-11-01T00:07:14.0038210Z ##[endgroup]
2025-11-01T00:07:14.0102830Z [command]/opt/homebrew/bin/git log -1 --format=%H
2025-11-01T00:07:14.0104580Z adc435e5e1f14391f3efbb925ffdfbc412c321e7
2025-11-01T00:07:14.0245590Z ##[group]Run echo "VERSION=${GITHUB_REF#refs/tags/v}" >> $GITHUB_OUTPUT
2025-11-01T00:07:14.0246760Z [36;1mecho "VERSION=${GITHUB_REF#refs/tags/v}" >> $GITHUB_OUTPUT[0m
2025-11-01T00:07:14.0508010Z shell: /bin/bash -e {0}
2025-11-01T00:07:14.0508500Z ##[endgroup]
2025-11-01T00:07:14.1056670Z ##[group]Run ./scripts/validate-version.sh 1.1.2
2025-11-01T00:07:14.1057420Z [36;1m./scripts/validate-version.sh 1.1.2[0m
2025-11-01T00:07:14.1120700Z shell: /bin/bash -e {0}
2025-11-01T00:07:14.1121270Z ##[endgroup]
2025-11-01T00:07:14.1503660Z Tag version:  1.1.2
2025-11-01T00:07:14.1506130Z Code version: 1.1.0
2025-11-01T00:07:14.1523910Z 
2025-11-01T00:07:14.1625530Z [0;31m❌ Version mismatch detected![0m
2025-11-01T00:07:14.1726710Z 
2025-11-01T00:07:14.1736510Z The git tag version (1.1.2) does not match the code version (1.1.0)
2025-11-01T00:07:14.1775250Z 
2025-11-01T00:07:14.1876590Z To fix this:
2025-11-01T00:07:14.1892800Z   1. Update version in Sources/fontlift/fontlift.swift to: 1.1.2
2025-11-01T00:07:14.1994570Z   2. Commit the change
2025-11-01T00:07:14.2083400Z   3. Re-create the tag
2025-11-01T00:07:14.2083980Z 
2025-11-01T00:07:14.2094990Z ##[error]Process completed with exit code 1.
2025-11-01T00:07:14.2225370Z Post job cleanup.
2025-11-01T00:07:14.3090910Z [command]/opt/homebrew/bin/git version
2025-11-01T00:07:14.3169280Z git version 2.50.1
2025-11-01T00:07:14.3410260Z Copying '/Users/runner/.gitconfig' to '/Users/runner/work/_temp/07f44fdc-2a76-45a2-a0d0-af8aca31a5cb/.gitconfig'
2025-11-01T00:07:14.3447000Z Temporarily overriding HOME='/Users/runner/work/_temp/07f44fdc-2a76-45a2-a0d0-af8aca31a5cb' before making global git config changes
2025-11-01T00:07:14.3517740Z Adding repository directory to the temporary git global config as a safe directory
2025-11-01T00:07:14.3558200Z [command]/opt/homebrew/bin/git config --global --add safe.directory /Users/runner/work/fontlift-mac-cli/fontlift-mac-cli
2025-11-01T00:07:14.3658350Z [command]/opt/homebrew/bin/git config --local --name-only --get-regexp core\.sshCommand
2025-11-01T00:07:14.3685290Z [command]/opt/homebrew/bin/git submodule foreach --recursive sh -c "git config --local --name-only --get-regexp 'core\.sshCommand' && git config --local --unset-all 'core.sshCommand' || :"
2025-11-01T00:07:14.3984900Z [command]/opt/homebrew/bin/git config --local --name-only --get-regexp http\.https\:\/\/github\.com\/\.extraheader
2025-11-01T00:07:14.4016920Z http.https://github.com/.extraheader
2025-11-01T00:07:14.4025880Z [command]/opt/homebrew/bin/git config --local --unset-all http.https://github.com/.extraheader
2025-11-01T00:07:14.4071230Z [command]/opt/homebrew/bin/git submodule foreach --recursive sh -c "git config --local --name-only --get-regexp 'http\.https\:\/\/github\.com\/\.extraheader' && git config --local --unset-all 'http.https://github.com/.extraheader' || :"
2025-11-01T00:07:14.4624590Z Cleaning up orphan processes
