2025-11-01T00:24:26.8782320Z Current runner version: '2.329.0'
2025-11-01T00:24:26.8818440Z ##[group]Runner Image Provisioner
2025-11-01T00:24:26.8819040Z Hosted Compute Agent
2025-11-01T00:24:26.8820940Z Version: 20251016.436
2025-11-01T00:24:26.8821340Z Commit: 8ab8ac8bfd662a3739dab9fe09456aba92132568
2025-11-01T00:24:26.8821780Z Build Date: 2025-10-15T20:44:12Z
2025-11-01T00:24:26.8822140Z ##[endgroup]
2025-11-01T00:24:26.8822460Z ##[group]Operating System
2025-11-01T00:24:26.8822810Z macOS
2025-11-01T00:24:26.8823100Z 14.8.1
2025-11-01T00:24:26.8823400Z 23J30
2025-11-01T00:24:26.8823690Z ##[endgroup]
2025-11-01T00:24:26.8823980Z ##[group]Runner Image
2025-11-01T00:24:26.8824320Z Image: macos-14-arm64
2025-11-01T00:24:26.8825120Z Version: 20251020.0056
2025-11-01T00:24:26.8825840Z Included Software: https://github.com/actions/runner-images/blob/macos-14-arm64/20251020.0056/images/macos/macos-14-arm64-Readme.md
2025-11-01T00:24:26.8826940Z Image Release: https://github.com/actions/runner-images/releases/tag/macos-14-arm64%2F20251020.0056
2025-11-01T00:24:26.8827880Z ##[endgroup]
2025-11-01T00:24:26.8829530Z ##[group]GITHUB_TOKEN Permissions
2025-11-01T00:24:26.8831830Z Actions: write
2025-11-01T00:24:26.8832140Z Attestations: write
2025-11-01T00:24:26.8832470Z Checks: write
2025-11-01T00:24:26.8832820Z Contents: write
2025-11-01T00:24:26.8833190Z Deployments: write
2025-11-01T00:24:26.8833530Z Discussions: write
2025-11-01T00:24:26.8833860Z Issues: write
2025-11-01T00:24:26.8834210Z Metadata: read
2025-11-01T00:24:26.8834500Z Models: read
2025-11-01T00:24:26.8834850Z Packages: write
2025-11-01T00:24:26.8835230Z Pages: write
2025-11-01T00:24:26.8835540Z PullRequests: write
2025-11-01T00:24:26.8835860Z RepositoryProjects: write
2025-11-01T00:24:26.8836250Z SecurityEvents: write
2025-11-01T00:24:26.8836710Z Statuses: write
2025-11-01T00:24:26.8837010Z ##[endgroup]
2025-11-01T00:24:26.8839890Z Secret source: Actions
2025-11-01T00:24:26.8840410Z Prepare workflow directory
2025-11-01T00:24:26.9102630Z Prepare all required actions
2025-11-01T00:24:26.9134290Z Getting action download info
2025-11-01T00:24:27.2041870Z Download action repository 'actions/checkout@v4' (SHA:08eba0b27e820071cde6df949e0beb9ba4906955)
2025-11-01T00:24:28.0170900Z Complete job name: Build and Test
2025-11-01T00:24:28.0649820Z ##[group]Run actions/checkout@v4
2025-11-01T00:24:28.0651910Z with:
2025-11-01T00:24:28.0652640Z   fetch-depth: 0
2025-11-01T00:24:28.0653430Z   fetch-tags: true
2025-11-01T00:24:28.0654290Z   repository: fontlaborg/fontlift-mac-cli
2025-11-01T00:24:28.0655690Z   token: ***
2025-11-01T00:24:28.0656430Z   ssh-strict: true
2025-11-01T00:24:28.0657180Z   ssh-user: git
2025-11-01T00:24:28.0657970Z   persist-credentials: true
2025-11-01T00:24:28.0658850Z   clean: true
2025-11-01T00:24:28.0659680Z   sparse-checkout-cone-mode: true
2025-11-01T00:24:28.0660690Z   show-progress: true
2025-11-01T00:24:28.0661530Z   lfs: false
2025-11-01T00:24:28.0662290Z   submodules: false
2025-11-01T00:24:28.0663060Z   set-safe-directory: true
2025-11-01T00:24:28.0664660Z ##[endgroup]
2025-11-01T00:24:28.2521280Z Syncing repository: fontlaborg/fontlift-mac-cli
2025-11-01T00:24:28.2522830Z ##[group]Getting Git version info
2025-11-01T00:24:28.2523430Z Working directory is '/Users/runner/work/fontlift-mac-cli/fontlift-mac-cli'
2025-11-01T00:24:28.2524330Z [command]/opt/homebrew/bin/git version
2025-11-01T00:24:28.3129210Z git version 2.50.1
2025-11-01T00:24:28.3147160Z ##[endgroup]
2025-11-01T00:24:28.3158840Z Copying '/Users/runner/.gitconfig' to '/Users/runner/work/_temp/023bd9fb-7bc9-49ee-8560-ed1eecd72ab6/.gitconfig'
2025-11-01T00:24:28.3173300Z Temporarily overriding HOME='/Users/runner/work/_temp/023bd9fb-7bc9-49ee-8560-ed1eecd72ab6' before making global git config changes
2025-11-01T00:24:28.3174730Z Adding repository directory to the temporary git global config as a safe directory
2025-11-01T00:24:28.3177380Z [command]/opt/homebrew/bin/git config --global --add safe.directory /Users/runner/work/fontlift-mac-cli/fontlift-mac-cli
2025-11-01T00:24:28.3331830Z Deleting the contents of '/Users/runner/work/fontlift-mac-cli/fontlift-mac-cli'
2025-11-01T00:24:28.3358180Z ##[group]Initializing the repository
2025-11-01T00:24:28.3362910Z [command]/opt/homebrew/bin/git init /Users/runner/work/fontlift-mac-cli/fontlift-mac-cli
2025-11-01T00:24:28.3771930Z hint: Using 'master' as the name for the initial branch. This default branch name
2025-11-01T00:24:28.3776900Z hint: is subject to change. To configure the initial branch name to use in all
2025-11-01T00:24:28.3779130Z hint: of your new repositories, which will suppress this warning, call:
2025-11-01T00:24:28.3780780Z hint:
2025-11-01T00:24:28.3781930Z hint: 	git config --global init.defaultBranch <name>
2025-11-01T00:24:28.3783220Z hint:
2025-11-01T00:24:28.3784690Z hint: Names commonly chosen instead of 'master' are 'main', 'trunk' and
2025-11-01T00:24:28.3787000Z hint: 'development'. The just-created branch can be renamed via this command:
2025-11-01T00:24:28.3788590Z hint:
2025-11-01T00:24:28.3795490Z hint: 	git branch -m <name>
2025-11-01T00:24:28.3797050Z hint:
2025-11-01T00:24:28.3797800Z hint: Disable this message with "git config set advice.defaultBranchName false"
2025-11-01T00:24:28.3798940Z Initialized empty Git repository in /Users/runner/work/fontlift-mac-cli/fontlift-mac-cli/.git/
2025-11-01T00:24:28.3810700Z [command]/opt/homebrew/bin/git remote add origin https://github.com/fontlaborg/fontlift-mac-cli
2025-11-01T00:24:28.3880810Z ##[endgroup]
2025-11-01T00:24:28.3882270Z ##[group]Disabling automatic garbage collection
2025-11-01T00:24:28.3883400Z [command]/opt/homebrew/bin/git config --local gc.auto 0
2025-11-01T00:24:28.3963240Z ##[endgroup]
2025-11-01T00:24:28.3963980Z ##[group]Setting up auth
2025-11-01T00:24:28.3964860Z [command]/opt/homebrew/bin/git config --local --name-only --get-regexp core\.sshCommand
2025-11-01T00:24:28.4024280Z [command]/opt/homebrew/bin/git submodule foreach --recursive sh -c "git config --local --name-only --get-regexp 'core\.sshCommand' && git config --local --unset-all 'core.sshCommand' || :"
2025-11-01T00:24:28.6070800Z [command]/opt/homebrew/bin/git config --local --name-only --get-regexp http\.https\:\/\/github\.com\/\.extraheader
2025-11-01T00:24:28.6541360Z [command]/opt/homebrew/bin/git submodule foreach --recursive sh -c "git config --local --name-only --get-regexp 'http\.https\:\/\/github\.com\/\.extraheader' && git config --local --unset-all 'http.https://github.com/.extraheader' || :"
2025-11-01T00:24:28.8121320Z [command]/opt/homebrew/bin/git config --local http.https://github.com/.extraheader AUTHORIZATION: basic ***
2025-11-01T00:24:28.8123340Z ##[endgroup]
2025-11-01T00:24:28.8123970Z ##[group]Fetching the repository
2025-11-01T00:24:28.8125180Z [command]/opt/homebrew/bin/git -c protocol.version=2 fetch --prune --no-recurse-submodules origin +refs/heads/*:refs/remotes/origin/* +refs/tags/*:refs/tags/*
2025-11-01T00:24:29.7015460Z From https://github.com/fontlaborg/fontlift-mac-cli
2025-11-01T00:24:29.7016290Z  * [new branch]      main       -> origin/main
2025-11-01T00:24:29.7016790Z  * [new tag]         v1.0.0     -> v1.0.0
2025-11-01T00:24:29.7017270Z  * [new tag]         v1.1.0     -> v1.1.0
2025-11-01T00:24:29.7018860Z  * [new tag]         v1.1.1     -> v1.1.1
2025-11-01T00:24:29.7031040Z  * [new tag]         v1.1.2     -> v1.1.2
2025-11-01T00:24:29.7032590Z  * [new tag]         v1.1.3     -> v1.1.3
2025-11-01T00:24:29.7123130Z [command]/opt/homebrew/bin/git branch --list --remote origin/main
2025-11-01T00:24:29.7193690Z   origin/main
2025-11-01T00:24:29.7198490Z [command]/opt/homebrew/bin/git rev-parse refs/remotes/origin/main
2025-11-01T00:24:29.7257600Z 105b834a5ad117bbbb7cb9c74256cf54a10c2ce6
2025-11-01T00:24:29.7261610Z ##[endgroup]
2025-11-01T00:24:29.7265480Z ##[group]Determining the checkout info
2025-11-01T00:24:29.7268850Z ##[endgroup]
2025-11-01T00:24:29.7270110Z [command]/opt/homebrew/bin/git sparse-checkout disable
2025-11-01T00:24:29.7341190Z [command]/opt/homebrew/bin/git config --local --unset-all extensions.worktreeConfig
2025-11-01T00:24:29.7403730Z ##[group]Checking out the ref
2025-11-01T00:24:29.7406930Z [command]/opt/homebrew/bin/git checkout --progress --force -B main refs/remotes/origin/main
2025-11-01T00:24:29.7586920Z Switched to a new branch 'main'
2025-11-01T00:24:29.7691060Z branch 'main' set up to track 'origin/main'.
2025-11-01T00:24:29.7997160Z ##[endgroup]
2025-11-01T00:24:29.8301990Z [command]/opt/homebrew/bin/git log -1 --format=%H
2025-11-01T00:24:29.8350950Z 105b834a5ad117bbbb7cb9c74256cf54a10c2ce6
2025-11-01T00:24:29.8541770Z ##[group]Run swift --version
2025-11-01T00:24:29.8542580Z [36;1mswift --version[0m
2025-11-01T00:24:29.8615860Z shell: /bin/bash -e {0}
2025-11-01T00:24:29.8616560Z ##[endgroup]
2025-11-01T00:24:32.9176530Z Apple Swift version 5.10 (swiftlang-5.10.0.13 clang-1500.3.9.4)
2025-11-01T00:24:32.9178440Z Target: arm64-apple-macosx14.0
2025-11-01T00:24:32.9254800Z swift-driver version: 1.90.11.1 
2025-11-01T00:24:32.9303010Z ##[group]Run ./build.sh --ci
2025-11-01T00:24:32.9303330Z [36;1m./build.sh --ci[0m
2025-11-01T00:24:32.9364380Z shell: /bin/bash -e {0}
2025-11-01T00:24:32.9364680Z ##[endgroup]
2025-11-01T00:24:34.6021530Z error: 'fontlift-mac-cli': package 'fontlift-mac-cli' is using Swift tools version 6.2.0 but the installed version is 5.10.0
2025-11-01T00:24:34.6252770Z ##[error]Process completed with exit code 1.
2025-11-01T00:24:34.6427210Z Post job cleanup.
2025-11-01T00:24:34.7937290Z [command]/opt/homebrew/bin/git version
2025-11-01T00:24:34.8020820Z git version 2.50.1
2025-11-01T00:24:34.8149340Z Copying '/Users/runner/.gitconfig' to '/Users/runner/work/_temp/785be676-2e09-4d43-a0f2-a88ac439702d/.gitconfig'
2025-11-01T00:24:34.8150520Z Temporarily overriding HOME='/Users/runner/work/_temp/785be676-2e09-4d43-a0f2-a88ac439702d' before making global git config changes
2025-11-01T00:24:34.8151550Z Adding repository directory to the temporary git global config as a safe directory
2025-11-01T00:24:34.8152360Z [command]/opt/homebrew/bin/git config --global --add safe.directory /Users/runner/work/fontlift-mac-cli/fontlift-mac-cli
2025-11-01T00:24:34.8199160Z [command]/opt/homebrew/bin/git config --local --name-only --get-regexp core\.sshCommand
2025-11-01T00:24:34.8379720Z [command]/opt/homebrew/bin/git submodule foreach --recursive sh -c "git config --local --name-only --get-regexp 'core\.sshCommand' && git config --local --unset-all 'core.sshCommand' || :"
2025-11-01T00:24:34.9420100Z [command]/opt/homebrew/bin/git config --local --name-only --get-regexp http\.https\:\/\/github\.com\/\.extraheader
2025-11-01T00:24:34.9470600Z http.https://github.com/.extraheader
2025-11-01T00:24:34.9495530Z [command]/opt/homebrew/bin/git config --local --unset-all http.https://github.com/.extraheader
2025-11-01T00:24:34.9598400Z [command]/opt/homebrew/bin/git submodule foreach --recursive sh -c "git config --local --name-only --get-regexp 'http\.https\:\/\/github\.com\/\.extraheader' && git config --local --unset-all 'http.https://github.com/.extraheader' || :"
2025-11-01T00:24:35.0869940Z Cleaning up orphan processes
